Drill report for controller.kicad_pcb
Created on 2026-09-14T01:27:44

Copper Layer Stackup:
    =============================================================
    L1 :  F.Cu                      front
    L2 :  In1.Cu                    in1
    L3 :  In2.Cu                    in2
    L4 :  B.Cu                      back


Drill file 'controller-PTH.drl' contains
    plated through holes:
    =============================================================
    T1  0.200mm  0.0079"  (4 holes))
    T2  0.300mm  0.0118"  (98 holes))
    T3  0.600mm  0.0236"  (4 holes)  (with 4 slots)
    T4  0.900mm  0.0354"  (2 holes))
    T5  1.000mm  0.0394"  (2 holes))
    T6  1.020mm  0.0402"  (23 holes))
    T7  1.100mm  0.0433"  (12 holes))

    Total plated holes count 145


Drill file 'controller-NPTH.drl' contains
    unplated through holes:
    =============================================================
    T1  0.650mm  0.0256"  (2 holes))
    T2  3.000mm  0.1181"  (7 holes))
    T3  3.200mm  0.1260"  (4 holes))

    Total unplated holes count 13
