Drill report for mains.kicad_pcb
Created on 2026-09-14T10:40:47

Copper Layer Stackup:
    =============================================================
    L1 :  F.Cu                      front
    L2 :  B.Cu                      back


Drill file 'mains-PTH.drl' contains
    plated through holes:
    =============================================================
    T1  0.300mm  0.0118"  (11 holes))
    T2  1.020mm  0.0402"  (5 holes))
    T3  1.100mm  0.0433"  (6 holes))
    T4  1.300mm  0.0512"  (16 holes)  (with 1 slot)
    T5  1.500mm  0.0591"  (2 holes))
    T6  2.500mm  0.0984"  (2 holes))

    Total plated holes count 42


Drill file 'mains-NPTH.drl' contains
    unplated through holes:
    =============================================================
    T1  3.000mm  0.1181"  (2 holes))
    T2  3.200mm  0.1260"  (4 holes))

    Total unplated holes count 6
